
[TestGridActions/Test_make_empty_grid_for_TestGridActions - 1]
{
 "DefaultTileColor": "",
 "DefaultTileColor1": "",
 "Ground": null,
 "Instructions": null,
 "tiles": [
  [
   {
    "prototypeId": "-",
    "transformation": {}
   },
   {
    "prototypeId": "-",
    "transformation": {}
   },
   {
    "prototypeId": "-",
    "transformation": {}
   },
   {
    "prototypeId": "-",
    "transformation": {}
   },
   {
    "prototypeId": "-",
    "transformation": {}
   },
   {
    "prototypeId": "-",
    "transformation": {}
   },
   {
    "prototypeId": "-",
    "transformation": {}
   },
   {
    "prototypeId": "-",
    "transformation": {}
   }
  ],
  [
   {
    "prototypeId": "-",
    "transformation": {}
   },
   {
    "prototypeId": "-",
    "transformation": {}
   },
   {
    "prototypeId": "-",
    "transformation": {}
   },
   {
    "prototypeId": "-",
    "transformation": {}
   },
   {
    "prototypeId": "-",
    "transformation": {}
   },
   {
    "prototypeId": "-",
    "transformation": {}
   },
   {
    "prototypeId": "-",
    "transformation": {}
   },
   {
    "prototypeId": "-",
    "transformation": {}
   }
  ],
  [
   {
    "prototypeId": "-",
    "transformation": {}
   },
   {
    "prototypeId": "-",
    "transformation": {}
   },
   {
    "prototypeId": "-",
    "transformation": {}
   },
   {
    "prototypeId": "-",
    "transformation": {}
   },
   {
    "prototypeId": "-",
    "transformation": {}
   },
   {
    "prototypeId": "-",
    "transformation": {}
   },
   {
    "prototypeId": "-",
    "transformation": {}
   },
   {
    "prototypeId": "-",
    "transformation": {}
   }
  ],
  [
   {
    "prototypeId": "-",
    "transformation": {}
   },
   {
    "prototypeId": "-",
    "transformation": {}
   },
   {
    "prototypeId": "-",
    "transformation": {}
   },
   {
    "prototypeId": "-",
    "transformation": {}
   },
   {
    "prototypeId": "-",
    "transformation": {}
   },
   {
    "prototypeId": "-",
    "transformation": {}
   },
   {
    "prototypeId": "-",
    "transformation": {}
   },
   {
    "prototypeId": "-",
    "transformation": {}
   }
  ],
  [
   {
    "prototypeId": "-",
    "transformation": {}
   },
   {
    "prototypeId": "-",
    "transformation": {}
   },
   {
    "prototypeId": "-",
    "transformation": {}
   },
   {
    "prototypeId": "-",
    "transformation": {}
   },
   {
    "prototypeId": "-",
    "transformation": {}
   },
   {
    "prototypeId": "-",
    "transformation": {}
   },
   {
    "prototypeId": "-",
    "transformation": {}
   },
   {
    "prototypeId": "-",
    "transformation": {}
   }
  ],
  [
   {
    "prototypeId": "-",
    "transformation": {}
   },
   {
    "prototypeId": "-",
    "transformation": {}
   },
   {
    "prototypeId": "-",
    "transformation": {}
   },
   {
    "prototypeId": "-",
    "transformation": {}
   },
   {
    "prototypeId": "-",
    "transformation": {}
   },
   {
    "prototypeId": "-",
    "transformation": {}
   },
   {
    "prototypeId": "-",
    "transformation": {}
   },
   {
    "prototypeId": "-",
    "transformation": {}
   }
  ],
  [
   {
    "prototypeId": "-",
    "transformation": {}
   },
   {
    "prototypeId": "-",
    "transformation": {}
   },
   {
    "prototypeId": "-",
    "transformation": {}
   },
   {
    "prototypeId": "-",
    "transformation": {}
   },
   {
    "prototypeId": "-",
    "transformation": {}
   },
   {
    "prototypeId": "-",
    "transformation": {}
   },
   {
    "prototypeId": "-",
    "transformation": {}
   },
   {
    "prototypeId": "-",
    "transformation": {}
   }
  ]
 ]
}
---

[TestGridActions/Test_'between'_by_creating_a_boundary. - 1]
&main.Blueprint{
    Tiles: {
        {
            {
                PrototypeId:    "-",
                Transformation: main.Transformation{},
                InteractableId: "",
            },
            {
                PrototypeId:    "-",
                Transformation: main.Transformation{},
                InteractableId: "",
            },
            {
                PrototypeId:    "-",
                Transformation: main.Transformation{},
                InteractableId: "",
            },
            {
                PrototypeId:    "-",
                Transformation: main.Transformation{},
                InteractableId: "",
            },
            {
                PrototypeId:    "-",
                Transformation: main.Transformation{},
                InteractableId: "",
            },
            {
                PrototypeId:    "-",
                Transformation: main.Transformation{},
                InteractableId: "",
            },
            {
                PrototypeId:    "-",
                Transformation: main.Transformation{},
                InteractableId: "",
            },
            {
                PrototypeId:    "-",
                Transformation: main.Transformation{},
                InteractableId: "",
            },
        },
        {
            {
                PrototypeId:    "-",
                Transformation: main.Transformation{},
                InteractableId: "",
            },
            {
                PrototypeId:    "6",
                Transformation: main.Transformation{},
                InteractableId: "",
            },
            {
                PrototypeId:    "6",
                Transformation: main.Transformation{},
                InteractableId: "",
            },
            {
                PrototypeId:    "6",
                Transformation: main.Transformation{},
                InteractableId: "",
            },
            {
                PrototypeId:    "6",
                Transformation: main.Transformation{},
                InteractableId: "",
            },
            {
                PrototypeId:    "6",
                Transformation: main.Transformation{},
                InteractableId: "",
            },
            {
                PrototypeId:    "6",
                Transformation: main.Transformation{},
                InteractableId: "",
            },
            {
                PrototypeId:    "-",
                Transformation: main.Transformation{},
                InteractableId: "",
            },
        },
        {
            {
                PrototypeId:    "-",
                Transformation: main.Transformation{},
                InteractableId: "",
            },
            {
                PrototypeId:    "6",
                Transformation: main.Transformation{},
                InteractableId: "",
            },
            {
                PrototypeId:    "-",
                Transformation: main.Transformation{},
                InteractableId: "",
            },
            {
                PrototypeId:    "-",
                Transformation: main.Transformation{},
                InteractableId: "",
            },
            {
                PrototypeId:    "6",
                Transformation: main.Transformation{},
                InteractableId: "",
            },
            {
                PrototypeId:    "-",
                Transformation: main.Transformation{},
                InteractableId: "",
            },
            {
                PrototypeId:    "6",
                Transformation: main.Transformation{},
                InteractableId: "",
            },
            {
                PrototypeId:    "-",
                Transformation: main.Transformation{},
                InteractableId: "",
            },
        },
        {
            {
                PrototypeId:    "-",
                Transformation: main.Transformation{},
                InteractableId: "",
            },
            {
                PrototypeId:    "6",
                Transformation: main.Transformation{},
                InteractableId: "",
            },
            {
                PrototypeId:    "-",
                Transformation: main.Transformation{},
                InteractableId: "",
            },
            {
                PrototypeId:    "-",
                Transformation: main.Transformation{},
                InteractableId: "",
            },
            {
                PrototypeId:    "6",
                Transformation: main.Transformation{},
                InteractableId: "",
            },
            {
                PrototypeId:    "-",
                Transformation: main.Transformation{},
                InteractableId: "",
            },
            {
                PrototypeId:    "6",
                Transformation: main.Transformation{},
                InteractableId: "",
            },
            {
                PrototypeId:    "-",
                Transformation: main.Transformation{},
                InteractableId: "",
            },
        },
        {
            {
                PrototypeId:    "-",
                Transformation: main.Transformation{},
                InteractableId: "",
            },
            {
                PrototypeId:    "6",
                Transformation: main.Transformation{},
                InteractableId: "",
            },
            {
                PrototypeId:    "-",
                Transformation: main.Transformation{},
                InteractableId: "",
            },
            {
                PrototypeId:    "-",
                Transformation: main.Transformation{},
                InteractableId: "",
            },
            {
                PrototypeId:    "-",
                Transformation: main.Transformation{},
                InteractableId: "",
            },
            {
                PrototypeId:    "-",
                Transformation: main.Transformation{},
                InteractableId: "",
            },
            {
                PrototypeId:    "6",
                Transformation: main.Transformation{},
                InteractableId: "",
            },
            {
                PrototypeId:    "-",
                Transformation: main.Transformation{},
                InteractableId: "",
            },
        },
        {
            {
                PrototypeId:    "-",
                Transformation: main.Transformation{},
                InteractableId: "",
            },
            {
                PrototypeId:    "6",
                Transformation: main.Transformation{},
                InteractableId: "",
            },
            {
                PrototypeId:    "6",
                Transformation: main.Transformation{},
                InteractableId: "",
            },
            {
                PrototypeId:    "6",
                Transformation: main.Transformation{},
                InteractableId: "",
            },
            {
                PrototypeId:    "6",
                Transformation: main.Transformation{},
                InteractableId: "",
            },
            {
                PrototypeId:    "6",
                Transformation: main.Transformation{},
                InteractableId: "",
            },
            {
                PrototypeId:    "6",
                Transformation: main.Transformation{},
                InteractableId: "",
            },
            {
                PrototypeId:    "-",
                Transformation: main.Transformation{},
                InteractableId: "",
            },
        },
        {
            {
                PrototypeId:    "-",
                Transformation: main.Transformation{},
                InteractableId: "",
            },
            {
                PrototypeId:    "-",
                Transformation: main.Transformation{},
                InteractableId: "",
            },
            {
                PrototypeId:    "-",
                Transformation: main.Transformation{},
                InteractableId: "",
            },
            {
                PrototypeId:    "-",
                Transformation: main.Transformation{},
                InteractableId: "",
            },
            {
                PrototypeId:    "-",
                Transformation: main.Transformation{},
                InteractableId: "",
            },
            {
                PrototypeId:    "-",
                Transformation: main.Transformation{},
                InteractableId: "",
            },
            {
                PrototypeId:    "-",
                Transformation: main.Transformation{},
                InteractableId: "",
            },
            {
                PrototypeId:    "-",
                Transformation: main.Transformation{},
                InteractableId: "",
            },
        },
    },
    Instructions:      nil,
    Ground:            nil,
    DefaultTileColor:  "",
    DefaultTileColor1: "",
}
---

[TestGridActions/Test_'fill'_against_boundary. - 1]
&main.Blueprint{
    Tiles: {
        {
            {
                PrototypeId:    "-",
                Transformation: main.Transformation{},
                InteractableId: "",
            },
            {
                PrototypeId:    "-",
                Transformation: main.Transformation{},
                InteractableId: "",
            },
            {
                PrototypeId:    "-",
                Transformation: main.Transformation{},
                InteractableId: "",
            },
            {
                PrototypeId:    "-",
                Transformation: main.Transformation{},
                InteractableId: "",
            },
            {
                PrototypeId:    "-",
                Transformation: main.Transformation{},
                InteractableId: "",
            },
            {
                PrototypeId:    "-",
                Transformation: main.Transformation{},
                InteractableId: "",
            },
            {
                PrototypeId:    "-",
                Transformation: main.Transformation{},
                InteractableId: "",
            },
            {
                PrototypeId:    "-",
                Transformation: main.Transformation{},
                InteractableId: "",
            },
        },
        {
            {
                PrototypeId:    "-",
                Transformation: main.Transformation{},
                InteractableId: "",
            },
            {
                PrototypeId:    "6",
                Transformation: main.Transformation{},
                InteractableId: "",
            },
            {
                PrototypeId:    "6",
                Transformation: main.Transformation{},
                InteractableId: "",
            },
            {
                PrototypeId:    "6",
                Transformation: main.Transformation{},
                InteractableId: "",
            },
            {
                PrototypeId:    "6",
                Transformation: main.Transformation{},
                InteractableId: "",
            },
            {
                PrototypeId:    "6",
                Transformation: main.Transformation{},
                InteractableId: "",
            },
            {
                PrototypeId:    "6",
                Transformation: main.Transformation{},
                InteractableId: "",
            },
            {
                PrototypeId:    "-",
                Transformation: main.Transformation{},
                InteractableId: "",
            },
        },
        {
            {
                PrototypeId:    "-",
                Transformation: main.Transformation{},
                InteractableId: "",
            },
            {
                PrototypeId:    "6",
                Transformation: main.Transformation{},
                InteractableId: "",
            },
            {
                PrototypeId:    "1",
                Transformation: main.Transformation{},
                InteractableId: "",
            },
            {
                PrototypeId:    "1",
                Transformation: main.Transformation{},
                InteractableId: "",
            },
            {
                PrototypeId:    "6",
                Transformation: main.Transformation{},
                InteractableId: "",
            },
            {
                PrototypeId:    "1",
                Transformation: main.Transformation{},
                InteractableId: "",
            },
            {
                PrototypeId:    "6",
                Transformation: main.Transformation{},
                InteractableId: "",
            },
            {
                PrototypeId:    "-",
                Transformation: main.Transformation{},
                InteractableId: "",
            },
        },
        {
            {
                PrototypeId:    "-",
                Transformation: main.Transformation{},
                InteractableId: "",
            },
            {
                PrototypeId:    "6",
                Transformation: main.Transformation{},
                InteractableId: "",
            },
            {
                PrototypeId:    "1",
                Transformation: main.Transformation{},
                InteractableId: "",
            },
            {
                PrototypeId:    "1",
                Transformation: main.Transformation{},
                InteractableId: "",
            },
            {
                PrototypeId:    "6",
                Transformation: main.Transformation{},
                InteractableId: "",
            },
            {
                PrototypeId:    "1",
                Transformation: main.Transformation{},
                InteractableId: "",
            },
            {
                PrototypeId:    "6",
                Transformation: main.Transformation{},
                InteractableId: "",
            },
            {
                PrototypeId:    "-",
                Transformation: main.Transformation{},
                InteractableId: "",
            },
        },
        {
            {
                PrototypeId:    "-",
                Transformation: main.Transformation{},
                InteractableId: "",
            },
            {
                PrototypeId:    "6",
                Transformation: main.Transformation{},
                InteractableId: "",
            },
            {
                PrototypeId:    "1",
                Transformation: main.Transformation{},
                InteractableId: "",
            },
            {
                PrototypeId:    "1",
                Transformation: main.Transformation{},
                InteractableId: "",
            },
            {
                PrototypeId:    "1",
                Transformation: main.Transformation{},
                InteractableId: "",
            },
            {
                PrototypeId:    "1",
                Transformation: main.Transformation{},
                InteractableId: "",
            },
            {
                PrototypeId:    "6",
                Transformation: main.Transformation{},
                InteractableId: "",
            },
            {
                PrototypeId:    "-",
                Transformation: main.Transformation{},
                InteractableId: "",
            },
        },
        {
            {
                PrototypeId:    "-",
                Transformation: main.Transformation{},
                InteractableId: "",
            },
            {
                PrototypeId:    "6",
                Transformation: main.Transformation{},
                InteractableId: "",
            },
            {
                PrototypeId:    "6",
                Transformation: main.Transformation{},
                InteractableId: "",
            },
            {
                PrototypeId:    "6",
                Transformation: main.Transformation{},
                InteractableId: "",
            },
            {
                PrototypeId:    "6",
                Transformation: main.Transformation{},
                InteractableId: "",
            },
            {
                PrototypeId:    "6",
                Transformation: main.Transformation{},
                InteractableId: "",
            },
            {
                PrototypeId:    "6",
                Transformation: main.Transformation{},
                InteractableId: "",
            },
            {
                PrototypeId:    "-",
                Transformation: main.Transformation{},
                InteractableId: "",
            },
        },
        {
            {
                PrototypeId:    "-",
                Transformation: main.Transformation{},
                InteractableId: "",
            },
            {
                PrototypeId:    "-",
                Transformation: main.Transformation{},
                InteractableId: "",
            },
            {
                PrototypeId:    "-",
                Transformation: main.Transformation{},
                InteractableId: "",
            },
            {
                PrototypeId:    "-",
                Transformation: main.Transformation{},
                InteractableId: "",
            },
            {
                PrototypeId:    "-",
                Transformation: main.Transformation{},
                InteractableId: "",
            },
            {
                PrototypeId:    "-",
                Transformation: main.Transformation{},
                InteractableId: "",
            },
            {
                PrototypeId:    "-",
                Transformation: main.Transformation{},
                InteractableId: "",
            },
            {
                PrototypeId:    "-",
                Transformation: main.Transformation{},
                InteractableId: "",
            },
        },
    },
    Instructions:      nil,
    Ground:            nil,
    DefaultTileColor:  "",
    DefaultTileColor1: "",
}
---

[TestGridActions/Test_'fill'_against_boundary. - 2]
&main.Blueprint{
    Tiles: {
        {
            {
                PrototypeId:    "-",
                Transformation: main.Transformation{},
                InteractableId: "",
            },
            {
                PrototypeId:    "-",
                Transformation: main.Transformation{},
                InteractableId: "",
            },
            {
                PrototypeId:    "-",
                Transformation: main.Transformation{},
                InteractableId: "",
            },
            {
                PrototypeId:    "-",
                Transformation: main.Transformation{},
                InteractableId: "",
            },
            {
                PrototypeId:    "-",
                Transformation: main.Transformation{},
                InteractableId: "",
            },
            {
                PrototypeId:    "-",
                Transformation: main.Transformation{},
                InteractableId: "",
            },
            {
                PrototypeId:    "-",
                Transformation: main.Transformation{},
                InteractableId: "",
            },
            {
                PrototypeId:    "-",
                Transformation: main.Transformation{},
                InteractableId: "",
            },
        },
        {
            {
                PrototypeId:    "-",
                Transformation: main.Transformation{},
                InteractableId: "",
            },
            {
                PrototypeId:    "6",
                Transformation: main.Transformation{},
                InteractableId: "",
            },
            {
                PrototypeId:    "6",
                Transformation: main.Transformation{},
                InteractableId: "",
            },
            {
                PrototypeId:    "6",
                Transformation: main.Transformation{},
                InteractableId: "",
            },
            {
                PrototypeId:    "6",
                Transformation: main.Transformation{},
                InteractableId: "",
            },
            {
                PrototypeId:    "6",
                Transformation: main.Transformation{},
                InteractableId: "",
            },
            {
                PrototypeId:    "6",
                Transformation: main.Transformation{},
                InteractableId: "",
            },
            {
                PrototypeId:    "-",
                Transformation: main.Transformation{},
                InteractableId: "",
            },
        },
        {
            {
                PrototypeId:    "-",
                Transformation: main.Transformation{},
                InteractableId: "",
            },
            {
                PrototypeId:    "6",
                Transformation: main.Transformation{},
                InteractableId: "",
            },
            {
                PrototypeId:    "2",
                Transformation: main.Transformation{},
                InteractableId: "",
            },
            {
                PrototypeId:    "2",
                Transformation: main.Transformation{},
                InteractableId: "",
            },
            {
                PrototypeId:    "6",
                Transformation: main.Transformation{},
                InteractableId: "",
            },
            {
                PrototypeId:    "2",
                Transformation: main.Transformation{},
                InteractableId: "",
            },
            {
                PrototypeId:    "6",
                Transformation: main.Transformation{},
                InteractableId: "",
            },
            {
                PrototypeId:    "-",
                Transformation: main.Transformation{},
                InteractableId: "",
            },
        },
        {
            {
                PrototypeId:    "-",
                Transformation: main.Transformation{},
                InteractableId: "",
            },
            {
                PrototypeId:    "6",
                Transformation: main.Transformation{},
                InteractableId: "",
            },
            {
                PrototypeId:    "2",
                Transformation: main.Transformation{},
                InteractableId: "",
            },
            {
                PrototypeId:    "2",
                Transformation: main.Transformation{},
                InteractableId: "",
            },
            {
                PrototypeId:    "6",
                Transformation: main.Transformation{},
                InteractableId: "",
            },
            {
                PrototypeId:    "2",
                Transformation: main.Transformation{},
                InteractableId: "",
            },
            {
                PrototypeId:    "6",
                Transformation: main.Transformation{},
                InteractableId: "",
            },
            {
                PrototypeId:    "-",
                Transformation: main.Transformation{},
                InteractableId: "",
            },
        },
        {
            {
                PrototypeId:    "-",
                Transformation: main.Transformation{},
                InteractableId: "",
            },
            {
                PrototypeId:    "6",
                Transformation: main.Transformation{},
                InteractableId: "",
            },
            {
                PrototypeId:    "2",
                Transformation: main.Transformation{},
                InteractableId: "",
            },
            {
                PrototypeId:    "2",
                Transformation: main.Transformation{},
                InteractableId: "",
            },
            {
                PrototypeId:    "2",
                Transformation: main.Transformation{},
                InteractableId: "",
            },
            {
                PrototypeId:    "2",
                Transformation: main.Transformation{},
                InteractableId: "",
            },
            {
                PrototypeId:    "6",
                Transformation: main.Transformation{},
                InteractableId: "",
            },
            {
                PrototypeId:    "-",
                Transformation: main.Transformation{},
                InteractableId: "",
            },
        },
        {
            {
                PrototypeId:    "-",
                Transformation: main.Transformation{},
                InteractableId: "",
            },
            {
                PrototypeId:    "6",
                Transformation: main.Transformation{},
                InteractableId: "",
            },
            {
                PrototypeId:    "6",
                Transformation: main.Transformation{},
                InteractableId: "",
            },
            {
                PrototypeId:    "6",
                Transformation: main.Transformation{},
                InteractableId: "",
            },
            {
                PrototypeId:    "6",
                Transformation: main.Transformation{},
                InteractableId: "",
            },
            {
                PrototypeId:    "6",
                Transformation: main.Transformation{},
                InteractableId: "",
            },
            {
                PrototypeId:    "6",
                Transformation: main.Transformation{},
                InteractableId: "",
            },
            {
                PrototypeId:    "-",
                Transformation: main.Transformation{},
                InteractableId: "",
            },
        },
        {
            {
                PrototypeId:    "-",
                Transformation: main.Transformation{},
                InteractableId: "",
            },
            {
                PrototypeId:    "-",
                Transformation: main.Transformation{},
                InteractableId: "",
            },
            {
                PrototypeId:    "-",
                Transformation: main.Transformation{},
                InteractableId: "",
            },
            {
                PrototypeId:    "-",
                Transformation: main.Transformation{},
                InteractableId: "",
            },
            {
                PrototypeId:    "-",
                Transformation: main.Transformation{},
                InteractableId: "",
            },
            {
                PrototypeId:    "-",
                Transformation: main.Transformation{},
                InteractableId: "",
            },
            {
                PrototypeId:    "-",
                Transformation: main.Transformation{},
                InteractableId: "",
            },
            {
                PrototypeId:    "-",
                Transformation: main.Transformation{},
                InteractableId: "",
            },
        },
    },
    Instructions:      nil,
    Ground:            nil,
    DefaultTileColor:  "",
    DefaultTileColor1: "",
}
---

[TestGridActions/Test_'fill'_against_boundary. - 3]
&main.Blueprint{
    Tiles: {
        {
            {
                PrototypeId:    "4",
                Transformation: main.Transformation{},
                InteractableId: "",
            },
            {
                PrototypeId:    "4",
                Transformation: main.Transformation{},
                InteractableId: "",
            },
            {
                PrototypeId:    "4",
                Transformation: main.Transformation{},
                InteractableId: "",
            },
            {
                PrototypeId:    "4",
                Transformation: main.Transformation{},
                InteractableId: "",
            },
            {
                PrototypeId:    "4",
                Transformation: main.Transformation{},
                InteractableId: "",
            },
            {
                PrototypeId:    "4",
                Transformation: main.Transformation{},
                InteractableId: "",
            },
            {
                PrototypeId:    "4",
                Transformation: main.Transformation{},
                InteractableId: "",
            },
            {
                PrototypeId:    "4",
                Transformation: main.Transformation{},
                InteractableId: "",
            },
        },
        {
            {
                PrototypeId:    "4",
                Transformation: main.Transformation{},
                InteractableId: "",
            },
            {
                PrototypeId:    "6",
                Transformation: main.Transformation{},
                InteractableId: "",
            },
            {
                PrototypeId:    "6",
                Transformation: main.Transformation{},
                InteractableId: "",
            },
            {
                PrototypeId:    "6",
                Transformation: main.Transformation{},
                InteractableId: "",
            },
            {
                PrototypeId:    "6",
                Transformation: main.Transformation{},
                InteractableId: "",
            },
            {
                PrototypeId:    "6",
                Transformation: main.Transformation{},
                InteractableId: "",
            },
            {
                PrototypeId:    "6",
                Transformation: main.Transformation{},
                InteractableId: "",
            },
            {
                PrototypeId:    "4",
                Transformation: main.Transformation{},
                InteractableId: "",
            },
        },
        {
            {
                PrototypeId:    "4",
                Transformation: main.Transformation{},
                InteractableId: "",
            },
            {
                PrototypeId:    "6",
                Transformation: main.Transformation{},
                InteractableId: "",
            },
            {
                PrototypeId:    "2",
                Transformation: main.Transformation{},
                InteractableId: "",
            },
            {
                PrototypeId:    "2",
                Transformation: main.Transformation{},
                InteractableId: "",
            },
            {
                PrototypeId:    "6",
                Transformation: main.Transformation{},
                InteractableId: "",
            },
            {
                PrototypeId:    "2",
                Transformation: main.Transformation{},
                InteractableId: "",
            },
            {
                PrototypeId:    "6",
                Transformation: main.Transformation{},
                InteractableId: "",
            },
            {
                PrototypeId:    "4",
                Transformation: main.Transformation{},
                InteractableId: "",
            },
        },
        {
            {
                PrototypeId:    "4",
                Transformation: main.Transformation{},
                InteractableId: "",
            },
            {
                PrototypeId:    "6",
                Transformation: main.Transformation{},
                InteractableId: "",
            },
            {
                PrototypeId:    "2",
                Transformation: main.Transformation{},
                InteractableId: "",
            },
            {
                PrototypeId:    "2",
                Transformation: main.Transformation{},
                InteractableId: "",
            },
            {
                PrototypeId:    "6",
                Transformation: main.Transformation{},
                InteractableId: "",
            },
            {
                PrototypeId:    "2",
                Transformation: main.Transformation{},
                InteractableId: "",
            },
            {
                PrototypeId:    "6",
                Transformation: main.Transformation{},
                InteractableId: "",
            },
            {
                PrototypeId:    "4",
                Transformation: main.Transformation{},
                InteractableId: "",
            },
        },
        {
            {
                PrototypeId:    "4",
                Transformation: main.Transformation{},
                InteractableId: "",
            },
            {
                PrototypeId:    "6",
                Transformation: main.Transformation{},
                InteractableId: "",
            },
            {
                PrototypeId:    "2",
                Transformation: main.Transformation{},
                InteractableId: "",
            },
            {
                PrototypeId:    "2",
                Transformation: main.Transformation{},
                InteractableId: "",
            },
            {
                PrototypeId:    "2",
                Transformation: main.Transformation{},
                InteractableId: "",
            },
            {
                PrototypeId:    "2",
                Transformation: main.Transformation{},
                InteractableId: "",
            },
            {
                PrototypeId:    "6",
                Transformation: main.Transformation{},
                InteractableId: "",
            },
            {
                PrototypeId:    "4",
                Transformation: main.Transformation{},
                InteractableId: "",
            },
        },
        {
            {
                PrototypeId:    "4",
                Transformation: main.Transformation{},
                InteractableId: "",
            },
            {
                PrototypeId:    "6",
                Transformation: main.Transformation{},
                InteractableId: "",
            },
            {
                PrototypeId:    "6",
                Transformation: main.Transformation{},
                InteractableId: "",
            },
            {
                PrototypeId:    "6",
                Transformation: main.Transformation{},
                InteractableId: "",
            },
            {
                PrototypeId:    "6",
                Transformation: main.Transformation{},
                InteractableId: "",
            },
            {
                PrototypeId:    "6",
                Transformation: main.Transformation{},
                InteractableId: "",
            },
            {
                PrototypeId:    "6",
                Transformation: main.Transformation{},
                InteractableId: "",
            },
            {
                PrototypeId:    "4",
                Transformation: main.Transformation{},
                InteractableId: "",
            },
        },
        {
            {
                PrototypeId:    "4",
                Transformation: main.Transformation{},
                InteractableId: "",
            },
            {
                PrototypeId:    "4",
                Transformation: main.Transformation{},
                InteractableId: "",
            },
            {
                PrototypeId:    "4",
                Transformation: main.Transformation{},
                InteractableId: "",
            },
            {
                PrototypeId:    "4",
                Transformation: main.Transformation{},
                InteractableId: "",
            },
            {
                PrototypeId:    "4",
                Transformation: main.Transformation{},
                InteractableId: "",
            },
            {
                PrototypeId:    "4",
                Transformation: main.Transformation{},
                InteractableId: "",
            },
            {
                PrototypeId:    "4",
                Transformation: main.Transformation{},
                InteractableId: "",
            },
            {
                PrototypeId:    "4",
                Transformation: main.Transformation{},
                InteractableId: "",
            },
        },
    },
    Instructions:      nil,
    Ground:            nil,
    DefaultTileColor:  "",
    DefaultTileColor1: "",
}
---

[TestGridActions/Test_'fill'_against_boundary. - 4]
&main.Blueprint{
    Tiles: {
        {
            {
                PrototypeId:    "4",
                Transformation: main.Transformation{},
                InteractableId: "",
            },
            {
                PrototypeId:    "4",
                Transformation: main.Transformation{},
                InteractableId: "",
            },
            {
                PrototypeId:    "4",
                Transformation: main.Transformation{},
                InteractableId: "",
            },
            {
                PrototypeId:    "4",
                Transformation: main.Transformation{},
                InteractableId: "",
            },
            {
                PrototypeId:    "4",
                Transformation: main.Transformation{},
                InteractableId: "",
            },
            {
                PrototypeId:    "4",
                Transformation: main.Transformation{},
                InteractableId: "",
            },
            {
                PrototypeId:    "4",
                Transformation: main.Transformation{},
                InteractableId: "",
            },
            {
                PrototypeId:    "4",
                Transformation: main.Transformation{},
                InteractableId: "",
            },
        },
        {
            {
                PrototypeId:    "4",
                Transformation: main.Transformation{},
                InteractableId: "",
            },
            {
                PrototypeId:    "3",
                Transformation: main.Transformation{},
                InteractableId: "",
            },
            {
                PrototypeId:    "3",
                Transformation: main.Transformation{},
                InteractableId: "",
            },
            {
                PrototypeId:    "3",
                Transformation: main.Transformation{},
                InteractableId: "",
            },
            {
                PrototypeId:    "3",
                Transformation: main.Transformation{},
                InteractableId: "",
            },
            {
                PrototypeId:    "3",
                Transformation: main.Transformation{},
                InteractableId: "",
            },
            {
                PrototypeId:    "3",
                Transformation: main.Transformation{},
                InteractableId: "",
            },
            {
                PrototypeId:    "4",
                Transformation: main.Transformation{},
                InteractableId: "",
            },
        },
        {
            {
                PrototypeId:    "4",
                Transformation: main.Transformation{},
                InteractableId: "",
            },
            {
                PrototypeId:    "3",
                Transformation: main.Transformation{},
                InteractableId: "",
            },
            {
                PrototypeId:    "2",
                Transformation: main.Transformation{},
                InteractableId: "",
            },
            {
                PrototypeId:    "2",
                Transformation: main.Transformation{},
                InteractableId: "",
            },
            {
                PrototypeId:    "3",
                Transformation: main.Transformation{},
                InteractableId: "",
            },
            {
                PrototypeId:    "2",
                Transformation: main.Transformation{},
                InteractableId: "",
            },
            {
                PrototypeId:    "3",
                Transformation: main.Transformation{},
                InteractableId: "",
            },
            {
                PrototypeId:    "4",
                Transformation: main.Transformation{},
                InteractableId: "",
            },
        },
        {
            {
                PrototypeId:    "4",
                Transformation: main.Transformation{},
                InteractableId: "",
            },
            {
                PrototypeId:    "3",
                Transformation: main.Transformation{},
                InteractableId: "",
            },
            {
                PrototypeId:    "2",
                Transformation: main.Transformation{},
                InteractableId: "",
            },
            {
                PrototypeId:    "2",
                Transformation: main.Transformation{},
                InteractableId: "",
            },
            {
                PrototypeId:    "3",
                Transformation: main.Transformation{},
                InteractableId: "",
            },
            {
                PrototypeId:    "2",
                Transformation: main.Transformation{},
                InteractableId: "",
            },
            {
                PrototypeId:    "3",
                Transformation: main.Transformation{},
                InteractableId: "",
            },
            {
                PrototypeId:    "4",
                Transformation: main.Transformation{},
                InteractableId: "",
            },
        },
        {
            {
                PrototypeId:    "4",
                Transformation: main.Transformation{},
                InteractableId: "",
            },
            {
                PrototypeId:    "3",
                Transformation: main.Transformation{},
                InteractableId: "",
            },
            {
                PrototypeId:    "2",
                Transformation: main.Transformation{},
                InteractableId: "",
            },
            {
                PrototypeId:    "2",
                Transformation: main.Transformation{},
                InteractableId: "",
            },
            {
                PrototypeId:    "2",
                Transformation: main.Transformation{},
                InteractableId: "",
            },
            {
                PrototypeId:    "2",
                Transformation: main.Transformation{},
                InteractableId: "",
            },
            {
                PrototypeId:    "3",
                Transformation: main.Transformation{},
                InteractableId: "",
            },
            {
                PrototypeId:    "4",
                Transformation: main.Transformation{},
                InteractableId: "",
            },
        },
        {
            {
                PrototypeId:    "4",
                Transformation: main.Transformation{},
                InteractableId: "",
            },
            {
                PrototypeId:    "3",
                Transformation: main.Transformation{},
                InteractableId: "",
            },
            {
                PrototypeId:    "3",
                Transformation: main.Transformation{},
                InteractableId: "",
            },
            {
                PrototypeId:    "3",
                Transformation: main.Transformation{},
                InteractableId: "",
            },
            {
                PrototypeId:    "3",
                Transformation: main.Transformation{},
                InteractableId: "",
            },
            {
                PrototypeId:    "3",
                Transformation: main.Transformation{},
                InteractableId: "",
            },
            {
                PrototypeId:    "3",
                Transformation: main.Transformation{},
                InteractableId: "",
            },
            {
                PrototypeId:    "4",
                Transformation: main.Transformation{},
                InteractableId: "",
            },
        },
        {
            {
                PrototypeId:    "4",
                Transformation: main.Transformation{},
                InteractableId: "",
            },
            {
                PrototypeId:    "4",
                Transformation: main.Transformation{},
                InteractableId: "",
            },
            {
                PrototypeId:    "4",
                Transformation: main.Transformation{},
                InteractableId: "",
            },
            {
                PrototypeId:    "4",
                Transformation: main.Transformation{},
                InteractableId: "",
            },
            {
                PrototypeId:    "4",
                Transformation: main.Transformation{},
                InteractableId: "",
            },
            {
                PrototypeId:    "4",
                Transformation: main.Transformation{},
                InteractableId: "",
            },
            {
                PrototypeId:    "4",
                Transformation: main.Transformation{},
                InteractableId: "",
            },
            {
                PrototypeId:    "4",
                Transformation: main.Transformation{},
                InteractableId: "",
            },
        },
    },
    Instructions:      nil,
    Ground:            nil,
    DefaultTileColor:  "",
    DefaultTileColor1: "",
}
---

[TestGridActions/Test_'fill'_against_boundary. - 5]
&main.Blueprint{
    Tiles: {
        {
            {
                PrototypeId:    "4",
                Transformation: main.Transformation{},
                InteractableId: "",
            },
            {
                PrototypeId:    "4",
                Transformation: main.Transformation{},
                InteractableId: "",
            },
            {
                PrototypeId:    "4",
                Transformation: main.Transformation{},
                InteractableId: "",
            },
            {
                PrototypeId:    "4",
                Transformation: main.Transformation{},
                InteractableId: "",
            },
            {
                PrototypeId:    "4",
                Transformation: main.Transformation{},
                InteractableId: "",
            },
            {
                PrototypeId:    "4",
                Transformation: main.Transformation{},
                InteractableId: "",
            },
            {
                PrototypeId:    "4",
                Transformation: main.Transformation{},
                InteractableId: "",
            },
            {
                PrototypeId:    "4",
                Transformation: main.Transformation{},
                InteractableId: "",
            },
        },
        {
            {
                PrototypeId:    "4",
                Transformation: main.Transformation{},
                InteractableId: "",
            },
            {
                PrototypeId:    "4",
                Transformation: main.Transformation{},
                InteractableId: "",
            },
            {
                PrototypeId:    "4",
                Transformation: main.Transformation{},
                InteractableId: "",
            },
            {
                PrototypeId:    "4",
                Transformation: main.Transformation{},
                InteractableId: "",
            },
            {
                PrototypeId:    "4",
                Transformation: main.Transformation{},
                InteractableId: "",
            },
            {
                PrototypeId:    "4",
                Transformation: main.Transformation{},
                InteractableId: "",
            },
            {
                PrototypeId:    "4",
                Transformation: main.Transformation{},
                InteractableId: "",
            },
            {
                PrototypeId:    "4",
                Transformation: main.Transformation{},
                InteractableId: "",
            },
        },
        {
            {
                PrototypeId:    "4",
                Transformation: main.Transformation{},
                InteractableId: "",
            },
            {
                PrototypeId:    "4",
                Transformation: main.Transformation{},
                InteractableId: "",
            },
            {
                PrototypeId:    "2",
                Transformation: main.Transformation{},
                InteractableId: "",
            },
            {
                PrototypeId:    "2",
                Transformation: main.Transformation{},
                InteractableId: "",
            },
            {
                PrototypeId:    "4",
                Transformation: main.Transformation{},
                InteractableId: "",
            },
            {
                PrototypeId:    "2",
                Transformation: main.Transformation{},
                InteractableId: "",
            },
            {
                PrototypeId:    "4",
                Transformation: main.Transformation{},
                InteractableId: "",
            },
            {
                PrototypeId:    "4",
                Transformation: main.Transformation{},
                InteractableId: "",
            },
        },
        {
            {
                PrototypeId:    "4",
                Transformation: main.Transformation{},
                InteractableId: "",
            },
            {
                PrototypeId:    "4",
                Transformation: main.Transformation{},
                InteractableId: "",
            },
            {
                PrototypeId:    "2",
                Transformation: main.Transformation{},
                InteractableId: "",
            },
            {
                PrototypeId:    "2",
                Transformation: main.Transformation{},
                InteractableId: "",
            },
            {
                PrototypeId:    "4",
                Transformation: main.Transformation{},
                InteractableId: "",
            },
            {
                PrototypeId:    "2",
                Transformation: main.Transformation{},
                InteractableId: "",
            },
            {
                PrototypeId:    "4",
                Transformation: main.Transformation{},
                InteractableId: "",
            },
            {
                PrototypeId:    "4",
                Transformation: main.Transformation{},
                InteractableId: "",
            },
        },
        {
            {
                PrototypeId:    "4",
                Transformation: main.Transformation{},
                InteractableId: "",
            },
            {
                PrototypeId:    "4",
                Transformation: main.Transformation{},
                InteractableId: "",
            },
            {
                PrototypeId:    "2",
                Transformation: main.Transformation{},
                InteractableId: "",
            },
            {
                PrototypeId:    "2",
                Transformation: main.Transformation{},
                InteractableId: "",
            },
            {
                PrototypeId:    "2",
                Transformation: main.Transformation{},
                InteractableId: "",
            },
            {
                PrototypeId:    "2",
                Transformation: main.Transformation{},
                InteractableId: "",
            },
            {
                PrototypeId:    "4",
                Transformation: main.Transformation{},
                InteractableId: "",
            },
            {
                PrototypeId:    "4",
                Transformation: main.Transformation{},
                InteractableId: "",
            },
        },
        {
            {
                PrototypeId:    "4",
                Transformation: main.Transformation{},
                InteractableId: "",
            },
            {
                PrototypeId:    "4",
                Transformation: main.Transformation{},
                InteractableId: "",
            },
            {
                PrototypeId:    "4",
                Transformation: main.Transformation{},
                InteractableId: "",
            },
            {
                PrototypeId:    "4",
                Transformation: main.Transformation{},
                InteractableId: "",
            },
            {
                PrototypeId:    "4",
                Transformation: main.Transformation{},
                InteractableId: "",
            },
            {
                PrototypeId:    "4",
                Transformation: main.Transformation{},
                InteractableId: "",
            },
            {
                PrototypeId:    "4",
                Transformation: main.Transformation{},
                InteractableId: "",
            },
            {
                PrototypeId:    "4",
                Transformation: main.Transformation{},
                InteractableId: "",
            },
        },
        {
            {
                PrototypeId:    "4",
                Transformation: main.Transformation{},
                InteractableId: "",
            },
            {
                PrototypeId:    "4",
                Transformation: main.Transformation{},
                InteractableId: "",
            },
            {
                PrototypeId:    "4",
                Transformation: main.Transformation{},
                InteractableId: "",
            },
            {
                PrototypeId:    "4",
                Transformation: main.Transformation{},
                InteractableId: "",
            },
            {
                PrototypeId:    "4",
                Transformation: main.Transformation{},
                InteractableId: "",
            },
            {
                PrototypeId:    "4",
                Transformation: main.Transformation{},
                InteractableId: "",
            },
            {
                PrototypeId:    "4",
                Transformation: main.Transformation{},
                InteractableId: "",
            },
            {
                PrototypeId:    "4",
                Transformation: main.Transformation{},
                InteractableId: "",
            },
        },
    },
    Instructions:      nil,
    Ground:            nil,
    DefaultTileColor:  "",
    DefaultTileColor1: "",
}
---

[TestGridActions/Test_'fill'_against_boundary. - 6]
&main.Blueprint{
    Tiles: {
        {
            {
                PrototypeId:    "4",
                Transformation: main.Transformation{},
                InteractableId: "",
            },
            {
                PrototypeId:    "4",
                Transformation: main.Transformation{},
                InteractableId: "",
            },
            {
                PrototypeId:    "4",
                Transformation: main.Transformation{},
                InteractableId: "",
            },
            {
                PrototypeId:    "4",
                Transformation: main.Transformation{},
                InteractableId: "",
            },
            {
                PrototypeId:    "4",
                Transformation: main.Transformation{},
                InteractableId: "",
            },
            {
                PrototypeId:    "4",
                Transformation: main.Transformation{},
                InteractableId: "",
            },
            {
                PrototypeId:    "4",
                Transformation: main.Transformation{},
                InteractableId: "",
            },
            {
                PrototypeId:    "4",
                Transformation: main.Transformation{},
                InteractableId: "",
            },
        },
        {
            {
                PrototypeId:    "4",
                Transformation: main.Transformation{},
                InteractableId: "",
            },
            {
                PrototypeId:    "4",
                Transformation: main.Transformation{},
                InteractableId: "",
            },
            {
                PrototypeId:    "4",
                Transformation: main.Transformation{},
                InteractableId: "",
            },
            {
                PrototypeId:    "4",
                Transformation: main.Transformation{},
                InteractableId: "",
            },
            {
                PrototypeId:    "4",
                Transformation: main.Transformation{},
                InteractableId: "",
            },
            {
                PrototypeId:    "4",
                Transformation: main.Transformation{},
                InteractableId: "",
            },
            {
                PrototypeId:    "4",
                Transformation: main.Transformation{},
                InteractableId: "",
            },
            {
                PrototypeId:    "4",
                Transformation: main.Transformation{},
                InteractableId: "",
            },
        },
        {
            {
                PrototypeId:    "4",
                Transformation: main.Transformation{},
                InteractableId: "",
            },
            {
                PrototypeId:    "4",
                Transformation: main.Transformation{},
                InteractableId: "",
            },
            {
                PrototypeId:    "4",
                Transformation: main.Transformation{},
                InteractableId: "",
            },
            {
                PrototypeId:    "4",
                Transformation: main.Transformation{},
                InteractableId: "",
            },
            {
                PrototypeId:    "4",
                Transformation: main.Transformation{},
                InteractableId: "",
            },
            {
                PrototypeId:    "4",
                Transformation: main.Transformation{},
                InteractableId: "",
            },
            {
                PrototypeId:    "4",
                Transformation: main.Transformation{},
                InteractableId: "",
            },
            {
                PrototypeId:    "4",
                Transformation: main.Transformation{},
                InteractableId: "",
            },
        },
        {
            {
                PrototypeId:    "4",
                Transformation: main.Transformation{},
                InteractableId: "",
            },
            {
                PrototypeId:    "4",
                Transformation: main.Transformation{},
                InteractableId: "",
            },
            {
                PrototypeId:    "4",
                Transformation: main.Transformation{},
                InteractableId: "",
            },
            {
                PrototypeId:    "4",
                Transformation: main.Transformation{},
                InteractableId: "",
            },
            {
                PrototypeId:    "4",
                Transformation: main.Transformation{},
                InteractableId: "",
            },
            {
                PrototypeId:    "4",
                Transformation: main.Transformation{},
                InteractableId: "",
            },
            {
                PrototypeId:    "4",
                Transformation: main.Transformation{},
                InteractableId: "",
            },
            {
                PrototypeId:    "4",
                Transformation: main.Transformation{},
                InteractableId: "",
            },
        },
        {
            {
                PrototypeId:    "4",
                Transformation: main.Transformation{},
                InteractableId: "",
            },
            {
                PrototypeId:    "4",
                Transformation: main.Transformation{},
                InteractableId: "",
            },
            {
                PrototypeId:    "4",
                Transformation: main.Transformation{},
                InteractableId: "",
            },
            {
                PrototypeId:    "4",
                Transformation: main.Transformation{},
                InteractableId: "",
            },
            {
                PrototypeId:    "4",
                Transformation: main.Transformation{},
                InteractableId: "",
            },
            {
                PrototypeId:    "4",
                Transformation: main.Transformation{},
                InteractableId: "",
            },
            {
                PrototypeId:    "4",
                Transformation: main.Transformation{},
                InteractableId: "",
            },
            {
                PrototypeId:    "4",
                Transformation: main.Transformation{},
                InteractableId: "",
            },
        },
        {
            {
                PrototypeId:    "4",
                Transformation: main.Transformation{},
                InteractableId: "",
            },
            {
                PrototypeId:    "4",
                Transformation: main.Transformation{},
                InteractableId: "",
            },
            {
                PrototypeId:    "4",
                Transformation: main.Transformation{},
                InteractableId: "",
            },
            {
                PrototypeId:    "4",
                Transformation: main.Transformation{},
                InteractableId: "",
            },
            {
                PrototypeId:    "4",
                Transformation: main.Transformation{},
                InteractableId: "",
            },
            {
                PrototypeId:    "4",
                Transformation: main.Transformation{},
                InteractableId: "",
            },
            {
                PrototypeId:    "4",
                Transformation: main.Transformation{},
                InteractableId: "",
            },
            {
                PrototypeId:    "4",
                Transformation: main.Transformation{},
                InteractableId: "",
            },
        },
        {
            {
                PrototypeId:    "4",
                Transformation: main.Transformation{},
                InteractableId: "",
            },
            {
                PrototypeId:    "4",
                Transformation: main.Transformation{},
                InteractableId: "",
            },
            {
                PrototypeId:    "4",
                Transformation: main.Transformation{},
                InteractableId: "",
            },
            {
                PrototypeId:    "4",
                Transformation: main.Transformation{},
                InteractableId: "",
            },
            {
                PrototypeId:    "4",
                Transformation: main.Transformation{},
                InteractableId: "",
            },
            {
                PrototypeId:    "4",
                Transformation: main.Transformation{},
                InteractableId: "",
            },
            {
                PrototypeId:    "4",
                Transformation: main.Transformation{},
                InteractableId: "",
            },
            {
                PrototypeId:    "4",
                Transformation: main.Transformation{},
                InteractableId: "",
            },
        },
    },
    Instructions:      nil,
    Ground:            nil,
    DefaultTileColor:  "",
    DefaultTileColor1: "",
}
---
